[app.axieinfinity.com/marketplace/index.html]
[backblue.gif]
[fade.gif]
[index.html]
[storage.googleapis.com/axie-cdn/banner.png]
[fonts.googleapis.com/index.html]
[cdn.axieinfinity.com/marketplace-website/_next/static/css/9cc5bd24800f8399_vtVjNyOtYjRWQfRpWRp_A.css]
[cdn.axieinfinity.com/marketplace-website/_next/static/css/18a217a744cd099c_vtVjNyOtYjRWQfRpWRp_A.css]
[cdn.axieinfinity.com/marketplace-website/_next/static/css/3acec3d0bde340cc_vtVjNyOtYjRWQfRpWRp_A.css]
[cdn.axieinfinity.com/marketplace-website/_next/static/css/89f9bf863dc331fb_vtVjNyOtYjRWQfRpWRp_A.css]
[cdn.axieinfinity.com/marketplace-website/_next/static/chunks/polyfills-5cd94c89d3acac5f.js]
[cdn.axieinfinity.com/marketplace-website/_next/static/chunks/webpack-a7abef030577ad8b.js]
[cdn.axieinfinity.com/marketplace-website/_next/static/chunks/framework-74755b63994040ec.js]
[cdn.axieinfinity.com/marketplace-website/_next/static/chunks/main-8feedc56cc1e0d1e.js]
[cdn.axieinfinity.com/marketplace-website/_next/static/chunks/94726e6d-500c6180c3a824a4.js]
[cdn.axieinfinity.com/marketplace-website/_next/static/chunks/ae42c805-6747cc608eec1ced.js]
[cdn.axieinfinity.com/marketplace-website/_next/static/chunks/pages/_app-e85574bf84a00ba5.js]
[cdn.axieinfinity.com/marketplace-website/_next/static/chunks/3025-547d13abe8475cdb.js]
[cdn.axieinfinity.com/marketplace-website/_next/static/chunks/05c932f0-1a95e635490d6daa.js]
[cdn.axieinfinity.com/marketplace-website/_next/static/chunks/5668-3c6cdb7a2dd6e146.js]
[cdn.axieinfinity.com/marketplace-website/_next/static/chunks/5152-2142cdcea1b6f923.js]
[cdn.axieinfinity.com/marketplace-website/_next/static/chunks/9089-7de711647df97de2.js]
[cdn.axieinfinity.com/marketplace-website/_next/static/chunks/1834-fc98ddab750f9e61.js]
[cdn.axieinfinity.com/marketplace-website/_next/static/chunks/7143-f0f6fbffcf93a426.js]
[cdn.axieinfinity.com/marketplace-website/_next/static/chunks/5050-f6d0c74b2364569a.js]
[cdn.axieinfinity.com/marketplace-website/_next/static/chunks/4460-9eb8bab58c1d9d0a.js]
[cdn.axieinfinity.com/marketplace-website/_next/static/chunks/7126-38bf46638f87fe1f.js]
[cdn.axieinfinity.com/marketplace-website/_next/static/chunks/4314-b61480f9e83a0018.js]
[cdn.axieinfinity.com/marketplace-website/_next/static/chunks/6523-ff270b7e8b2fc5b9.js]
[cdn.axieinfinity.com/marketplace-website/_next/static/chunks/6036-7c30141ebd535898.js]
[cdn.axieinfinity.com/marketplace-website/_next/static/chunks/8562-f2667591cd0b91f6.js]
[cdn.axieinfinity.com/marketplace-website/_next/static/chunks/6167-844c6cf5274da00f.js]
[cdn.axieinfinity.com/marketplace-website/_next/static/chunks/2690-781ceb76072f4556.js]
[cdn.axieinfinity.com/marketplace-website/_next/static/chunks/8367-37ee369834a4ab6e.js]
[cdn.axieinfinity.com/marketplace-website/_next/static/chunks/2613-02ca547efee1224e.js]
[cdn.axieinfinity.com/marketplace-website/_next/static/chunks/4654-6b52f7013110dd57.js]
[cdn.axieinfinity.com/marketplace-website/_next/static/chunks/2666-747a1c8491fccc52.js]
[cdn.axieinfinity.com/marketplace-website/_next/static/chunks/pages/marketplace-67c9caf82f05c331.js]
[cdn.axieinfinity.com/marketplace-website/_next/static/vtVjNyOtYjRWQfRpWRp_A/_buildManifest.js]
[cdn.axieinfinity.com/marketplace-website/_next/static/vtVjNyOtYjRWQfRpWRp_A/_ssgManifest.js]
[cdn.axieinfinity.com/marketplace-website/_next/static/vtVjNyOtYjRWQfRpWRp_A/_middlewareManifest.js]
[fonts.gstatic.com/s/worksans/v18/QGY9z_wNahGAdqQ43Rh_ebrnlwyYfEPxPoGUgGsJoA.woff]
[fonts.gstatic.com/s/changaone/v18/xfu00W3wXn3QLUJXhzq42AHivw.woff]
[app.axieinfinity.com/static/image/logo/marketplace.png]
[app.axieinfinity.com/static/image/axs.png]
[app.axieinfinity.com/static/image/logo.png]
[app.axieinfinity.com/marketplace/index.html]
[app.axieinfinity.com/marketplace/axies/index.html]
[fonts.googleapis.com/index.html]
[fonts.gstatic.com/index.html]
[cdn.axieinfinity.com/marketplace-website/_next/static/css/9cc5bd24800f8399_vtVjNyOtYjRWQfRpWRp_A.css]
[cdn.axieinfinity.com/static/image/axie-background/buy-background.29.delayed]
[cdn.axieinfinity.com/marketplace-website/_next/static/css/18a217a744cd099c_vtVjNyOtYjRWQfRpWRp_A.css]
[cdn.axieinfinity.com/marketplace-website/_next/static/css/3acec3d0bde340cc_vtVjNyOtYjRWQfRpWRp_A.css]
[cdn.axieinfinity.com/marketplace-website/_next/static/css/89f9bf863dc331fb_vtVjNyOtYjRWQfRpWRp_A.css]
[cdn.axieinfinity.com/marketplace-website/_next/static/css/5501f814306d5c2d_vtVjNyOtYjRWQfRpWRp_A.css]
[cdn.axieinfinity.com/marketplace-website/_next/static/chunks/6629-7a50137571afdb0a.js]
[cdn.axieinfinity.com/marketplace-website/_next/static/chunks/pages/marketplace/axies-6bcd0031f2951b3c.js]
[app.axieinfinity.com/static/icons/heart.png]
[app.axieinfinity.com/marketplace/axies/index.html]
[cdn.axieinfinity.com/static/image/axie-background/buy-background.png]
[cdn.axieinfinity.com/marketplace-website/_next/static/css/5501f814306d5c2d_vtVjNyOtYjRWQfRpWRp_A.css]
